== code ==
0000    1 OP_CONSTANT         0 '2
0002    | OP_CONSTANT         1 '3
0004    | OP_ADD
0005    | OP_CONSTANT         2 '5
0007    | OP_SUBTRACT
0008    2 OP_RETURN
0
