== code ==
0000    1 OP_CONSTANT         0 '1
0002    | OP_CONSTANT         1 '2
0004    | OP_CONSTANT         2 '3
0006    | OP_MULTIPLY
0007    | OP_ADD
0008    2 OP_RETURN



0000    1 OP_CONSTANT         0 '1

[ 1 ]

0002    | OP_CONSTANT         1 '2

[ 1 ][ 2 ]

0004    | OP_CONSTANT         2 '3

[ 1 ][ 2 ][ 3 ]

0006    | OP_MULTIPLY

[ 1 ][ 6 ]

0007    | OP_ADD

[ 7 ]

0008    2 OP_RETURN
7
