[line 1] Error at 'break': Cannot use 'break' outside of a loop.
