[line 4] Error at '=': Invalid assignment target.
