[line 2] Error at end: Expect '{' before class body.
