[line 2] Error at end: Expect '}' after class body.
