== code ==
0000    1 OP_CONSTANT         0 'hi
0002    | OP_CONSTANT         1 'hi
0004    | OP_EQUAL
0005    2 OP_RETURN



0000    1 OP_CONSTANT         0 'hi

[ hi ]

0002    | OP_CONSTANT         1 'hi

[ hi ][ hi ]

0004    | OP_EQUAL

[ true ]

0005    2 OP_RETURN
true
