== code ==
0000    1 OP_CONSTANT         0 '909
0002    | OP_CONSTANT         1 '606
0004    | OP_LESS
0005    | OP_NOT
0006    2 OP_RETURN
true
