== <script> ==
0000    1 OP_CONSTANT         0 'hello, 
0002    | OP_CONSTANT         1 'world
0004    | OP_ADD
0005    | OP_PRINT
0006    2 OP_NIL
0007    | OP_RETURN
hello, world
