[line 1] Error at 'continue': Cannot use 'continue' outside of a loop.
