== <script> ==
0000    2 OP_NIL
0001    | OP_RETURN
