== code ==
0000    1 OP_FALSE
0001    2 OP_RETURN
false
