[line 2] Error at 'a': Can't reassign const variable
