[line 2] Error at '=': Can't reassign const variable
