== code ==
0000    1 OP_CONSTANT         0 '3
0002    | OP_CONSTANT         1 '2
0004    | OP_GREATER
0005    | OP_JUMP_IF_FALSE    5 -> 15
0008    | OP_POP
0009    2 OP_CONSTANT         2 'then branch1
0011    | OP_PRINT
0012    3 OP_JUMP            12 -> 19
0015    | OP_POP
0016    4 OP_CONSTANT         3 'else branch1
0018    | OP_PRINT
0019    6 OP_CONSTANT         4 '2
0021    | OP_CONSTANT         5 '3
0023    | OP_GREATER
0024    | OP_JUMP_IF_FALSE   24 -> 34
0027    | OP_POP
0028    7 OP_CONSTANT         6 'then branch2
0030    | OP_PRINT
0031    8 OP_JUMP            31 -> 38
0034    | OP_POP
0035    9 OP_CONSTANT         7 'else branch2
0037    | OP_PRINT
0038   11 OP_RETURN
then branch1
else branch2
