[line 1] Error at '=': Invalid assignment target.
