== <script> ==
0000    2 OP_CONSTANT         0 '1
0002    4 OP_CONSTANT         1 '2
0004    6 OP_CONSTANT         2 '3
0006    8 OP_CONSTANT         3 '4
0008    9 OP_POP
0009   10 OP_CONSTANT         4 '5
0011   11 OP_POPN             2 '3
0013   12 OP_POP
0014   13 OP_CONSTANT         5 '6
0016   15 OP_CONSTANT         6 '7
0018   16 OP_GET_LOCAL        1
0020    | OP_GET_LOCAL        2
0022    | OP_ADD
0023    | OP_GET_LOCAL        3
0025    | OP_ADD
0026    | OP_PRINT
0027   17 OP_POP
0028   18 OP_POPN             2 '3
0030   19 OP_NIL
0031    | OP_RETURN
14
