[line 5] Error at '=': Can't reassign const variable
