== <script> ==
0000    1 OP_GET_GLOBAL       0 'abs
0002    | OP_CONSTANT         1 '5.4
0004    | OP_NEGATE
0005    | OP_CALL             1
0007    | OP_PRINT
0008    2 OP_GET_GLOBAL       2 'getEnv
0010    | OP_CONSTANT         3 'nope
0012    | OP_CALL             1
0014    | OP_PRINT
0015    3 OP_NIL
0016    | OP_RETURN
5.4
nil
