== code ==
0000    1 OP_NIL
0001    2 OP_RETURN



0000    1 OP_NIL

[ nil ]

0001    2 OP_RETURN
nil
