== fib ==
0000    2 OP_GET_LOCAL        1
0002    | OP_CONSTANT         0 '2
0004    | OP_LESS
0005    | OP_JUMP_IF_FALSE    5 -> 15
0008    | OP_POP
0009    | OP_GET_LOCAL        1
0011    | OP_RETURN
0012    | OP_JUMP            12 -> 16
0015    | OP_POP
0016    3 OP_GET_GLOBAL       1 'fib
0018    | OP_GET_LOCAL        1
0020    | OP_CONSTANT         2 '2
0022    | OP_SUBTRACT
0023    | OP_CALL             1
0025    | OP_GET_GLOBAL       1 'fib
0027    | OP_GET_LOCAL        1
0029    | OP_CONSTANT         3 '1
0031    | OP_SUBTRACT
0032    | OP_CALL             1
0034    | OP_ADD
0035    | OP_RETURN
0036    4 OP_NIL
0037    | OP_RETURN
== <script> ==
0000    4 OP_CONSTANT         1 '<fn fib>
0002    | OP_DEFINE_GLOBAL    0 'fib
0004    6 OP_GET_GLOBAL       0 'fib
0006    | OP_CONSTANT         2 '15
0008    | OP_CALL             1
0010    | OP_PRINT
0011    7 OP_NIL
0012    | OP_RETURN
610
