== code ==
0000    1 OP_NIL
0001    | OP_NOT
0002    2 OP_RETURN
true
