== code ==
0000    1 OP_TRUE
0001    | OP_NOT
0002    2 OP_RETURN
false
