[line 2] Error at 'super': Can't use 'super' in a class with no superclass.
