== method ==
0000    2 OP_CONSTANT         0 'A method
0002    | OP_PRINT
0003    | OP_NIL
0004    | OP_RETURN
== method ==
0000    6 OP_CONSTANT         0 'B method
0002    | OP_PRINT
0003    | OP_NIL
0004    | OP_RETURN
== test ==
0000    8 OP_GET_LOCAL        0
0002    | OP_GET_UPVALUE      0
0004    | OP_SUPER_INVOKE  (0 args)    0 'method
0007    | OP_POP
0008    | OP_NIL
0009    | OP_RETURN
== <script> ==
0000    1 OP_CLASS            0 'A
0002    | OP_DEFINE_GLOBAL    0 'A
0004    | OP_GET_GLOBAL       0 'A
0006    2 OP_CLOSURE          2 <fn method>
0008    | OP_METHOD           1 'method
0010    3 OP_POP
0011    5 OP_CLASS            3 'B
0013    | OP_DEFINE_GLOBAL    3 'B
0015    | OP_GET_GLOBAL       0 'A
0017    | OP_GET_GLOBAL       3 'B
0019    | OP_INHERIT
0020    | OP_GET_GLOBAL       3 'B
0022    6 OP_CLOSURE          4 <fn method>
0024    | OP_METHOD           1 'method
0026    8 OP_CLOSURE          6 <fn test>
0028     |                    local 1
0030    | OP_METHOD           5 'test
0032    9 OP_POP
0033    | OP_CLOSE_UPVALUE
0034   11 OP_CLASS            7 'C
0036    | OP_DEFINE_GLOBAL    7 'C
0038    | OP_GET_GLOBAL       3 'B
0040    | OP_GET_GLOBAL       7 'C
0042    | OP_INHERIT
0043    | OP_GET_GLOBAL       7 'C
0045    | OP_POP
0046    | OP_POP
0047   13 OP_GET_GLOBAL       7 'C
0049    | OP_CALL             0
0051    | OP_INVOKE        (0 args)    5 'test
0054    | OP_POP
0055   14 OP_NIL
0056    | OP_RETURN
A method
