Only strings allowed as fields.
[line 3] in script
