[line 2] Error at '1': Expect 'case' before expression.
