[line 257] Error at 'a256': Too many local variables in function.
