== code ==
0000    1 OP_TRUE
0001    2 OP_RETURN
true
