== <script> ==
0000    1 OP_CONSTANT         1 '0
0002    | OP_DEFINE_GLOBAL    0 'a
0004    2 OP_GET_GLOBAL       0 'a
0006    | OP_CONSTANT         2 '3
0008    | OP_LESS
0009    | OP_JUMP_IF_FALSE    9 -> 27
0012    | OP_POP
0013    3 OP_GET_GLOBAL       0 'a
0015    | OP_PRINT
0016    4 OP_GET_GLOBAL       0 'a
0018    | OP_CONSTANT         3 '1
0020    | OP_ADD
0021    | OP_SET_GLOBAL       0 'a
0023    | OP_POP
0024    5 OP_LOOP            24 -> 4
0027    | OP_POP
0028    6 OP_NIL
0029    | OP_RETURN
0
1
2
